make: Entering directory '/home/ciro/kernel_xiaomi_ysl'
make[1]: Entering directory '/home/ciro/kernel_xiaomi_ysl/out'
  CHK     include/config/kernel.release
  GEN     ./Makefile
  CHK     include/generated/uapi/linux/version.h
  CHK     include/generated/utsrelease.h
  Using .. as source for kernel
  CHK     scripts/mod/devicetable-offsets.h
  CHK     include/generated/timeconst.h
  CHK     include/generated/bounds.h
  CHK     include/generated/asm-offsets.h
  CALL    ../scripts/checksyscalls.sh
  CHK     include/generated/compile.h
  CHK     kernel/config_data.h
-- SukiSU-Ultra version (GitHub): 40510
-- SukiSU-Ultra version (Github): v4.1.1-4cfac3b9@post_prep
-- KernelSU: CONFIG_KSU_MANUAL_HOOK
-- KERNEL_VERSION: 4.9
-- KERNEL_TYPE: Non-GKI
-- KPM is enabled

-- SUSFS_VERSION: v2.0.0
  CC      drivers/kernelsu/ksuinit.o
  CC      drivers/kernelsu/supercalls.o
  LD      drivers/kernelsu/kernelsu.o
  LD      drivers/kernelsu/built-in.o
  LD      drivers/built-in.o
  CC      techpack/audio/ipc/apr.o
  CC      techpack/audio/ipc/apr_v2.o
  CC      techpack/audio/ipc/apr_tal.o
  CC      techpack/audio/ipc/apr_dummy.o
  CC      techpack/audio/ipc/wcd-dsp-glink.o
  LD      techpack/audio/ipc/apr_dlkm.o
  LD      techpack/audio/ipc/wglink_dlkm.o
  LD      techpack/audio/ipc/built-in.o
  LD      techpack/audio/built-in.o
  LD      techpack/built-in.o
  GEN     .version
  LD      vmlinux.o
  MODPOST vmlinux.o
  CHK     include/generated/compile.h
  UPD     include/generated/compile.h
  CC      init/version.o
  LD      init/built-in.o
  KSYM    .tmp_kallsyms1.o
  KSYM    .tmp_kallsyms2.o
  LD      vmlinux
  SORTEX  vmlinux
  SYSMAP  System.map
  OBJCOPY arch/arm64/boot/Image
  DTC     arch/arm64/boot/dts/qcom/ysl_msm8953.dtb
  GZIP    arch/arm64/boot/Image.gz
  CAT     arch/arm64/boot/Image.gz-dtb
make[1]: Leaving directory '/home/ciro/kernel_xiaomi_ysl/out'
make: Leaving directory '/home/ciro/kernel_xiaomi_ysl'
